 
****************************************
check_design summary:
Version:     M-2016.12
Date:        Fri Dec  8 10:12:33 2017
****************************************

                   Name                                            Total
--------------------------------------------------------------------------------
Inputs/Outputs                                                      8
    Unconnected ports (LINT-28)                                     8
--------------------------------------------------------------------------------

Warning: In design 'QuadCopter', port 'LED[7]' is not connected to any nets. (LINT-28)
Warning: In design 'QuadCopter', port 'LED[6]' is not connected to any nets. (LINT-28)
Warning: In design 'QuadCopter', port 'LED[5]' is not connected to any nets. (LINT-28)
Warning: In design 'QuadCopter', port 'LED[4]' is not connected to any nets. (LINT-28)
Warning: In design 'QuadCopter', port 'LED[3]' is not connected to any nets. (LINT-28)
Warning: In design 'QuadCopter', port 'LED[2]' is not connected to any nets. (LINT-28)
Warning: In design 'QuadCopter', port 'LED[1]' is not connected to any nets. (LINT-28)
Warning: In design 'QuadCopter', port 'LED[0]' is not connected to any nets. (LINT-28)
1
