Information: Propagating switching activity (low effort zero delay simulation). (PWR-6)
Warning: The net 'B[0]' is only annotated with a static probability value. A default toggle rate value of 0.040000 is used. (PWR-417)
Warning: Design has unannotated primary inputs. (PWR-414)
Warning: The net 'B[1]' is only annotated with a static probability value. A default toggle rate value of 0.040000 is used. (PWR-417)
Warning: The net 'B[2]' is only annotated with a static probability value. A default toggle rate value of 0.040000 is used. (PWR-417)
Warning: The net 'B[3]' is only annotated with a static probability value. A default toggle rate value of 0.040000 is used. (PWR-417)
Warning: The net 'B[4]' is only annotated with a static probability value. A default toggle rate value of 0.040000 is used. (PWR-417)
Warning: The net 'B[5]' is only annotated with a static probability value. A default toggle rate value of 0.040000 is used. (PWR-417)
Warning: The net 'B[6]' is only annotated with a static probability value. A default toggle rate value of 0.040000 is used. (PWR-417)
Warning: The net 'B[7]' is only annotated with a static probability value. A default toggle rate value of 0.040000 is used. (PWR-417)
Warning: The net 'A[0]' is only annotated with a static probability value. A default toggle rate value of 0.040000 is used. (PWR-417)
Warning: The net 'A[1]' is only annotated with a static probability value. A default toggle rate value of 0.040000 is used. (PWR-417)
Warning: The net 'A[2]' is only annotated with a static probability value. A default toggle rate value of 0.040000 is used. (PWR-417)
Warning: The net 'A[3]' is only annotated with a static probability value. A default toggle rate value of 0.040000 is used. (PWR-417)
Warning: The net 'A[4]' is only annotated with a static probability value. A default toggle rate value of 0.040000 is used. (PWR-417)
Warning: The net 'A[5]' is only annotated with a static probability value. A default toggle rate value of 0.040000 is used. (PWR-417)
Warning: The net 'A[6]' is only annotated with a static probability value. A default toggle rate value of 0.040000 is used. (PWR-417)
Warning: The net 'A[7]' is only annotated with a static probability value. A default toggle rate value of 0.040000 is used. (PWR-417)
Warning: The net 'en' is only annotated with a static probability value. A default toggle rate value of 0.040000 is used. (PWR-417)
Warning: The net 'clr' is only annotated with a static probability value. A default toggle rate value of 0.040000 is used. (PWR-417)
Warning: Design has unannotated sequential cell outputs. (PWR-415)
 
****************************************
Report : power
        -analysis_effort low
Design : mult_accum_gated
Version: M-2016.12
Date   : Mon Nov 20 11:05:39 2017
****************************************


Library(s) Used:

    tcbn40lpbwptc (File: /cae/apps/data/tsmclibs-2013/digital/Front_End/timing_power_noise/NLDM/tcbn40lpbwp_120b/tcbn40lpbwptc.db)


Operating Conditions: NCCOM   Library: tcbn40lpbwptc
Wire Load Model Mode: segmented

Design        Wire Load Model            Library
------------------------------------------------
mult_accum_gated       TSMC32K_Lowk_Conservative
                                         tcbn40lpbwptc


Global Operating Voltage = 1.1  
Power-specific unit information :
    Voltage Units = 1V
    Capacitance Units = 1.000000pf
    Time Units = 1ns
    Dynamic Power Units = 1mW    (derived from V,C,T units)
    Leakage Power Units = 1nW


  Cell Internal Power  =  45.2684 uW   (71%)
  Net Switching Power  =  18.4703 uW   (29%)
                         ---------
Total Dynamic Power    =  63.7387 uW  (100%)

Cell Leakage Power     = 129.2855 nW


                 Internal         Switching           Leakage            Total
Power Group      Power            Power               Power              Power   (   %    )  Attrs
--------------------------------------------------------------------------------------------------
io_pad             0.0000            0.0000            0.0000            0.0000  (   0.00%)
memory             0.0000            0.0000            0.0000            0.0000  (   0.00%)
black_box          0.0000            0.0000            0.0000            0.0000  (   0.00%)
clock_network  2.5346e-04        3.4831e-03            0.1282        3.7367e-03  (   5.85%)
register       1.4578e-02        3.8940e-04            6.1974        1.4974e-02  (  23.44%)
sequential     6.7360e-03            0.0000           20.8589        6.7569e-03  (  10.58%)
combinational  2.3701e-02        1.4598e-02          102.1010        3.8401e-02  (  60.13%)
--------------------------------------------------------------------------------------------------
Total          4.5268e-02 mW     1.8470e-02 mW       129.2855 nW     6.3868e-02 mW
1
